[front.happypointcard.com/upfiles/appMain/resources/ha-web/images/shared/favicon.png]
[backblue.gif]
[fade.gif]
[index.html]
[www.happypointcard.com/assets/pc/js/plugins/swiper/swiper.min.js]
[front.happypointcard.com/upfiles/appMain/resources/ha-web/images/pc/common/layout/logo-header.png]
[front.happypointcard.com/upfiles/appMain/resources/ha-web/images/pc/common/layout/img-allmenu-side.png]
[front.happypointcard.com/upfiles/appMain/resources/ha-web/images/pc/partner/icon-popup-shopping.png]
[front.happypointcard.com/upfiles/appMain/banner/normal/2020110509470336271811046109.png]
[front.happypointcard.com/upfiles/appMain/banner/normal/2020110502481711145321665417.png]
[front.happypointcard.com/upfiles/appMain/aliance/company/2022110710575153549164256718789.jpg]
[front.happypointcard.com/upfiles/appMain/aliance/company/2022110710575253549164871265602.png]
[front.happypointcard.com/upfiles/appMain/aliance/company/2022102714361252611865412914848.jpg]
[front.happypointcard.com/upfiles/appMain/aliance/company/2022102711144952599781964586626.png]
[front.happypointcard.com/upfiles/appMain/aliance/company/2022102510012852422580856133104.jpg]
[front.happypointcard.com/upfiles/appMain/aliance/company/2022102512045852429990777776266.png]
[front.happypointcard.com/upfiles/appMain/aliance/company/2022103117444652968779435682957.jpg]
[front.happypointcard.com/upfiles/appMain/aliance/company/2022102512032052429893007269894.png]
[front.happypointcard.com/upfiles/appMain/resources/ha-web/images/pc/main/img-benefit-banner-img.png]
[front.happypointcard.com/upfiles/appMain/resources/ha-web/images/pc/main/20210115_temporaryNotice_img.jpg]
[front.happypointcard.com/upfiles/appMain/resources/ha-web/images/pc/common/layout/chat-boot.png]
[front.happypointcard.com/upfiles/appMain/resources/ha-web/images/pc/common/layout/logo-spc.png]
[www.happypointcard.com/assets/shared/js/plugins/jquery-3.2.0/jquery-3.2.0.min.js]
[www.happypointcard.com/assets/shared/js/plugins/jquery.selectric-1.11.1/jquery.selectric.min.js]
[www.happypointcard.com/assets/shared/js/plugins/jquery.uniform-2.2.0/jquery.uniform.min.js]
[www.happypointcard.com/assets/shared/js/plugins/swiper/swiper.min.js]
[www.happypointcard.com/assets/shared/js/plugins/slick-1.8.0/slick.js]
[www.happypointcard.com/assets/pc/js/plugins/datepicker-1.0.9/datepicker.min.js]
[www.happypointcard.com/assets/pc/js/plugins/datepicker-1.0.9/datepicker.ko-KR.js]
[www.happypointcard.com/assets/pc/js/plugins/bluebird/bluebird.js]
[www.happypointcard.com/assets/pc/js/ui/common.ui9846.js]
[www.happypointcard.com/assets/pc/js/ui/common.ui.dev9846.js]
[www.happypointcard.com/assets/shared/js/unvus/unvus9846.js]
[www.happypointcard.com/assets/shared/js/unvus/unvus.jq9846.js]
[www.happypointcard.com/assets/shared/js/unvus/unvus.util9846.js]
[www.happypointcard.com/assets/shared/js/unvus/unvus.upload9846.js]
[www.happypointcard.com/assets/pc/hyundai-oil-bank/js/jquery.cookie.js]
[www.happypointcard.com/page/main/index.html]
[front.happypointcard.com/upfiles/appMain/resources/ha-web/images/pc/common/arrow/icon-arrow-12x12-bk.png]
[front.happypointcard.com/upfiles/appMain/resources/ha-web/images/pc/common/close/icon-delete-round-20x20.png]
[front.happypointcard.com/upfiles/appMain/resources/ha-web/images/pc/common/arrow/icon-arrow-16x16-bk.png]
[front.happypointcard.com/upfiles/appMain/resources/ha-web/images/pc/common-fix/pagination/ico-pagination-edge-a.png]
[front.happypointcard.com/upfiles/appMain/resources/ha-web/images/pc/common-fix/pagination/ico-pagination-finish-a.png]
[front.happypointcard.com/upfiles/appMain/resources/ha-web/images/pc/common-fix/selectric/icon-arrow-16x16.png]
[front.happypointcard.com/upfiles/appMain/resources/ha-web/images/pc/common-fix/datepicker/ico-calendar.png]
[front.happypointcard.com/upfiles/appMain/resources/ha-web/images/pc/common/arrow/icon-arrow-16x16-gy.png]
[front.happypointcard.com/upfiles/appMain/resources/ha-web/images/pc/common/close/icon-close-24x24-bk.png]
[front.happypointcard.com/upfiles/appMain/resources/ha-web/images/pc/common/layout/icon-customer.png]
[front.happypointcard.com/upfiles/appMain/resources/ha-web/images/pc/common/layout/icon-facebook.png]
[front.happypointcard.com/upfiles/appMain/resources/ha-web/images/pc/common/layout/icon-insta.png]
[front.happypointcard.com/upfiles/appMain/resources/ha-web/images/pc/common/layout/icon-blog.png]
[front.happypointcard.com/upfiles/appMain/resources/ha-web/images/pc/common/layout/icon-youtube.png]
[front.happypointcard.com/upfiles/appMain/resources/ha-web/images/pc/common/layout/icon-card.png]
[front.happypointcard.com/upfiles/appMain/resources/ha-web/images/pc/common/arrow/icon-arrow-up-16x16.png]
[front.happypointcard.com/upfiles/appMain/resources/ha-web/images/pc/common/layout/icon-header-menu.png]
[front.happypointcard.com/upfiles/appMain/resources/ha-web/images/pc/common/close/icon-close-32x32-bk.png]
[www.happypointcard.com/assets/pc/images/common/arrow/icon-arrow-16x16-bk.png]
[front.happypointcard.com/upfiles/appMain/resources/ha-web/images/pc/common/icon-dday-bg-large.png]
[front.happypointcard.com/upfiles/appMain/resources/ha-web/images/pc/main/btn-main-slide-prev.png]
[front.happypointcard.com/upfiles/appMain/resources/ha-web/images/pc/main/btn-main-slide-next.png]
[front.happypointcard.com/upfiles/appMain/resources/ha-web/images/pc/main/icon/icon-tab-all.png]
[front.happypointcard.com/upfiles/appMain/resources/ha-web/images/pc/main/icon/icon-tab-instagram.png]
[front.happypointcard.com/upfiles/appMain/resources/ha-web/images/pc/main/icon/icon-tab-facebook.png]
[front.happypointcard.com/upfiles/appMain/resources/ha-web/images/pc/main/icon/icon-tab-blog.png]
[front.happypointcard.com/upfiles/appMain/resources/ha-web/images/pc/main/icon/icon-tab-youtube.png]
[front.happypointcard.com/upfiles/appMain/resources/ha-web/images/pc/main/icon/icon-tab-all-on.png]
[front.happypointcard.com/upfiles/appMain/resources/ha-web/images/pc/main/icon/icon-tab-instagram-on.png]
[front.happypointcard.com/upfiles/appMain/resources/ha-web/images/pc/main/icon/icon-tab-facebook-on.png]
[front.happypointcard.com/upfiles/appMain/resources/ha-web/images/pc/main/icon/icon-tab-blog-on.png]
[front.happypointcard.com/upfiles/appMain/resources/ha-web/images/pc/main/icon/icon-tab-youtube-on.png]
[front.happypointcard.com/upfiles/appMain/resources/ha-web/images/pc/main/icon/icon-new.png]
[front.happypointcard.com/upfiles/appMain/resources/ha-web/images/pc/common/arrow/icon-arrow-12x12-gy.png]
[front.happypointcard.com/upfiles/appMain/resources/ha-web/images/pc/common/icon-play.png]
[front.happypointcard.com/upfiles/appMain/resources/ha-web/images/pc/common/icon-pause.png]
[front.happypointcard.com/upfiles/appMain/resources/ha-web/images/pc/event/icon-download.png]
[front.happypointcard.com/upfiles/appMain/resources/ha-web/images/pc/intro/img_about_top.png]
[front.happypointcard.com/upfiles/appMain/resources/ha-web/images/pc/intro/img_happyplace.png]
[front.happypointcard.com/upfiles/appMain/resources/ha-web/images/pc/intro/img_quotationmarks_left.png]
[front.happypointcard.com/upfiles/appMain/resources/ha-web/images/pc/intro/img_quotationmarks_right.png]
[front.happypointcard.com/upfiles/appMain/resources/ha-web/images/pc/common/layout/icon-kakao.png]
[front.happypointcard.com/upfiles/appMain/resources/ha-web/images/pc/intro/ico-down.png]
[front.happypointcard.com/upfiles/appMain/resources/ha-web/images/pc/intro/btn-more.png]
[front.happypointcard.com/upfiles/appMain/resources/ha-web/images/pc/intro/ic-pink.png]
[front.happypointcard.com/upfiles/appMain/resources/ha-web/images/pc/intro/ic-gold.png]
[front.happypointcard.com/upfiles/appMain/resources/ha-web/images/pc/intro/ic-platinum.png]
[front.happypointcard.com/upfiles/appMain/resources/ha-web/images/pc/intro/happypointapp-pattern01.png]
[front.happypointcard.com/upfiles/appMain/resources/ha-web/images/pc/intro/happypointapp-pattern02.png]
[front.happypointcard.com/upfiles/appMain/resources/ha-web/images/pc/intro/happypointapp-pattern03.png]
[front.happypointcard.com/upfiles/appMain/resources/ha-web/images/pc/intro/happypointapp-pattern04.png]
[front.happypointcard.com/upfiles/appMain/resources/ha-web/images/pc/intro/HappyPoint-Alva002.png]
[front.happypointcard.com/upfiles/appMain/resources/ha-web/images/pc/intro/happypointapp-pattern05.png]
[front.happypointcard.com/upfiles/appMain/resources/ha-web/images/pc/intro/happypointapp-pattern06.png]
[front.happypointcard.com/upfiles/appMain/resources/ha-web/images/pc/intro/happypointapp-pattern07.png]
[front.happypointcard.com/upfiles/appMain/resources/ha-web/images/pc/intro/happypointapp-pattern08.png]
[front.happypointcard.com/upfiles/appMain/resources/ha-web/images/pc/intro/HappyPoint-Alva003.png]
[front.happypointcard.com/upfiles/appMain/resources/ha-web/images/pc/intro/ico-down-w.png]
[front.happypointcard.com/upfiles/appMain/resources/ha-web/images/pc/member/icon-phone.png]
[front.happypointcard.com/upfiles/appMain/resources/ha-web/images/pc/member/icon-ipin.png]
[front.happypointcard.com/upfiles/appMain/resources/ha-web/images/pc/common/arrow/icon-arrow-13x13-og.png]
[front.happypointcard.com/upfiles/appMain/resources/ha-web/images/pc/member/icon-dot-complete-text.png]
[front.happypointcard.com/upfiles/appMain/resources/ha-web/images/pc/member/ico-more-happyapp.png]
[front.happypointcard.com/upfiles/appMain/resources/ha-web/images/pc/member/ico-id-search-small.png]
[front.happypointcard.com/upfiles/appMain/resources/ha-web/images/pc/member/ico-pw-search-small.png]
[front.happypointcard.com/upfiles/appMain/resources/ha-web/images/pc/common/arrow/icon-arrow-20x20-bk.png]
[front.happypointcard.com/upfiles/appMain/resources/ha-web/images/pc/member/icon-tooltip.png]
[front.happypointcard.com/upfiles/appMain/resources/ha-web/images/pc/partner/img-intro-culture-bg.png]
[front.happypointcard.com/upfiles/appMain/resources/ha-web/images/pc/common/icon-dday-bg.png]
[front.happypointcard.com/upfiles/appMain/resources/ha-web/images/pc/event/img-mobile-coupon-visual.png]
[front.happypointcard.com/upfiles/appMain/resources/ha-web/images/pc/event/img-coupon-bg.png]
[front.happypointcard.com/upfiles/appMain/resources/ha-web/images/pc/event/icon-brand-coupon.png]
[front.happypointcard.com/upfiles/appMain/resources/ha-web/images/pc/event/icon-affiliate-coupon.png]
[front.happypointcard.com/upfiles/appMain/resources/ha-web/images/pc/customer/icon_faq_question.png]
[front.happypointcard.com/upfiles/appMain/resources/ha-web/images/pc/share/img-win-bg.png]
[front.happypointcard.com/upfiles/appMain/resources/ha-web/images/pc/share/img-intro-banner-hand.png]
[front.happypointcard.com/upfiles/appMain/resources/ha-web/images/pc/common/arrow/icon-arrow-60x50.png]
[front.happypointcard.com/upfiles/appMain/resources/ha-web/images/pc/common/ico-recommend-24x-24.png]
[front.happypointcard.com/upfiles/appMain/resources/ha-web/images/pc/common/ico-recommend-color.png]
[front.happypointcard.com/upfiles/appMain/resources/ha-web/images/pc/mypage/bg-card-view.png]
[front.happypointcard.com/upfiles/appMain/resources/ha-web/images/pc/mypage/ico-three-dot.png]
[front.happypointcard.com/upfiles/appMain/resources/ha-web/images/pc/common/ico-guide.png]
[front.happypointcard.com/upfiles/appMain/resources/ha-web/images/pc/common/arrow/icon-arrow-down-20x20-bk.png]
[front.happypointcard.com/upfiles/appMain/resources/ha-web/images/pc/mypage/ico-checked.png]
[front.happypointcard.com/upfiles/appMain/resources/ha-web/images/pc/mypage/ico-grade-pink.png]
[front.happypointcard.com/upfiles/appMain/resources/ha-web/images/pc/mypage/ico-grade-gold.png]
[front.happypointcard.com/upfiles/appMain/resources/ha-web/images/pc/mypage/ico-grade-platinum.png]
[front.happypointcard.com/upfiles/appMain/resources/ha-web/images/pc/mypage/img-mypoint-bg.png]
[www.happypointcard.com/assets/pc/css/common9846.css]
[front.happypointcard.com/upfiles/appMain/resources/ha-web/images/pc/common-fix/uniform/uniform.png]
[www.happypointcard.com/assets/pc/css/vendors/uniform.custom.css]
[www.happypointcard.com/assets/shared/js/plugins/jquery.selectric-1.11.1/selectric.css]
[www.happypointcard.com/assets/shared/js/plugins/slick-1.8.0/slick.css]
[www.happypointcard.com/assets/shared/css/dev.css]
[www.happypointcard.com/assets/pc/js/plugins/datepicker-1.0.9/datepicker.min.css]
[www.happypointcard.com/assets/pc/js/plugins/swiper/swiper.css]
[front.happypointcard.com/upfiles/appMain/resources/ha-web/images/pc/common/ico-share-w.png]
[front.happypointcard.com/upfiles/appMain/resources/ha-web/images/pc/common/ico-filter.png]
[front.happypointcard.com/upfiles/appMain/resources/ha-web/images/pc/common-fix/ico-star-empty.png]
[front.happypointcard.com/upfiles/appMain/resources/ha-web/images/pc/common-fix/ico-star-full.png]
[front.happypointcard.com/upfiles/appMain/resources/ha-web/images/pc/common-fix/ico-spinner-minus.png]
[front.happypointcard.com/upfiles/appMain/resources/ha-web/images/pc/common-fix/ico-spinner-plus.png]
[front.happypointcard.com/upfiles/appMain/resources/ha-web/images/pc/common-fix/ico-spinner-minus-w.png]
[front.happypointcard.com/upfiles/appMain/resources/ha-web/images/pc/common-fix/ico-spinner-plus-w.png]
[front.happypointcard.com/upfiles/appMain/resources/ha-web/images/pc/common/ico-datepicker-search.png]
[www.happypointcard.com/assets/pc/img/common/button_tab.html]
